// Jest Snapshot v1, https://goo.gl/fbAQLP

exports[`MySpinner matches snapshot 1`] = `
"<div class="flex items-center justify-center my-10">
  <div class="animate-spin rounded-full h-6 w-6 border-t-4 border-blue-500"></div>
</div>"
`;
