// Jest Snapshot v1, https://goo.gl/fbAQLP

exports[`MyPagination matches snapshot 1`] = `
"<div class="flex justify-center my-10">
  <div class="page-item current-page">1</div>
  <div class="page-item">2</div>
  <div class="page-item">3</div>
  <div class="page-item">4</div>
  <div class="page-item">5</div>
</div>"
`;
