// Jest Snapshot v1, https://goo.gl/fbAQLP

exports[`MyAlert renders correctly when isAlert is true 1`] = `
"<div class="my-alert-wrapper">
  <el-alert title="Alert Title" type="warning" description="This is the alert description" show-icon="true" closable="true"></el-alert>
</div>"
`;
